
===================================================================
  Welcome to HAPGEN_v2.1.2 (24/03/2011)
  Zhan Su, Peter Donnelly, Jonathan Marchini
===================================================================

Command line input is:
bin/hapgen2_Darwin -m ref/HM3/genetic_map_chr1_combined_b36.txt -l ref/HM3/hapmap3.r2.b36.chr1.legend -h ref/HM3/CEU.chr1.hap -n 4500 0 -dl 744045 1 1.5 2.25 -o output/ceu_chr1 

FILE INPUTS
                                            haplotype file: ref/HM3/CEU.chr1.hap
                                               legend file: ref/HM3/hapmap3.r2.b36.chr1.legend
                                          genetic map file: ref/HM3/genetic_map_chr1_combined_b36.txt
                                             tag snps file: 
FILE OUTPUTS
                                               output file: output/ceu_chr1
                                              summary file: output/ceu_chr1.summary
PARAMETER INPUTS
                                  no. controls to simulate: 4500
                                     no. cases to simulate: 0
                                              disease loci: (1) 744045 
                                           disease alleles: (1) 1 
                             heterozygote/homozygote risks: (1) 1.50/2.25 
                                                     lower: 0
                                                     upper: 500000000
                                                        Ne: 11418
                                                     theta: -1

Reading genetic map file ... done
                                      number of rates read: 248796


Reading haplotype and legend files: looking for SNPs in [0, 500000000] ... 